// Jest Snapshot v1, https://goo.gl/fbAQLP

exports[`<ChatPage /> render correctly 1`] = `
<div
  className="ChatPage-root-2"
>
  Chatheader
  SidebarWrap
  Chat
  ErrorMessage
</div>
`;
