// Jest Snapshot v1, https://goo.gl/fbAQLP

exports[`<ErrorMessage /> render correctly 1`] = `null`;
